SET
DROP TABLE
CREATE TABLE
COPY 3
DROP INDEX
CREATE INDEX
SET
 id |                    val                     
----+--------------------------------------------
  0 | 0
  1 | -9223372036854775808,0
  2 | -9223372036854775808,0,9223372036854775807
(3 rows)
